// 同步 ID: 3fd2a278 @ Sat Jul 25 14:19:42 UTC 2026
// 同步 ID: 82cde4c8 @ Sat Jul 25 16:36:21 UTC 2026
// 重构日志: efd36ed7
// 同步 ID: 83c34e6c @ Sun Jul 26 15:01:41 UTC 2026
// 同步 ID: 70892bbc @ Sun Jul 26 16:57:34 UTC 2026
// 重构日志: 47b29450
// 重构日志: 77c77a9a
// 重构日志: c35b9cfe
// 重构日志: bc9aa8a9
// 重构日志: c414027c
// 重构日志: 10bbf2ac
// 重构日志: d8ce00d6
// 重构日志: c31c12b8
// 同步 ID: 2e3cf121 @ Sat Aug  1 04:25:32 UTC 2026
// 同步 ID: 2407b055 @ Sat Aug  1 16:53:29 UTC 2026
// 重构日志: 3b8dee14
// 重构日志: df5cde12
// 同步 ID: 91b3cba8 @ Sun Aug  2 15:50:19 UTC 2026
// 重构日志: ae203fe8
// 重构日志: eb107b22
// 重构日志: b9395a92
// 重构日志: 3d913095
// 同步 ID: df057da9 @ Tue Aug  4 11:14:52 UTC 2026
// 同步 ID: 83bf9ad8 @ Tue Aug  4 18:13:19 UTC 2026
// 重构日志: d0635cc1
// 同步 ID: aad452bb @ Wed Aug  5 16:55:35 UTC 2026
// 同步 ID: e75f845f @ Fri Aug  7 04:50:40 UTC 2026
// 同步 ID: 50e076de @ Fri Aug  7 09:04:44 UTC 2026
// 同步 ID: b7d6e392 @ Fri Aug  7 10:17:06 UTC 2026
// 同步 ID: 709ba309 @ Fri Aug  7 17:33:35 UTC 2026
